
DevTools listening on ws://127.0.0.1:9360/devtools/browser/a4cc9e99-9a6d-488a-98e2-f428c9301c89
Trying to load the allocator multiple times. This is *not* supported.
[67285:4158228:0817/150038.077957:ERROR:google_apis/gcm/engine/registration_request.cc:291] Registration response error message: DEPRECATED_ENDPOINT
[68204:4161461:0817/150048.078814:VERBOSE1:chrome/updater/event_history.cc:175] Failed to set permissions on /Library/Application Support/Google/GoogleUpdater/updater_history.jsonl: Operation not permitted (1)
[68204:4161461:0817/150048.079838:VERBOSE1:chrome/updater/updater.cc:374] Version: 152.0.7933.0, opt, ARM_64, command line: /Library/Application Support/Google/GoogleUpdater/152.0.7933.0/GoogleUpdater.app/Contents/MacOS/GoogleUpdater --wake-all --system --enable-logging --vmodule=*/components/update_client/*=2,*/chrome/enterprise_companion/*=2,*/chrome/updater/*=2
[68204:4161461:0817/150048.079902:VERBOSE1:chrome/updater/updater.cc:377] OS version: 14.4.0, arch: arm64, System uptime (seconds): 124790, parent pid: 67285
[68204:4161461:0817/150048.084324:VERBOSE1:chrome/updater/updater.cc:382] Available disk space in install directory (/Library/Application Support/Google/GoogleUpdater): 101720018944B (94.734GiB) / 494384795648B (460.432GiB)
[68204:4161461:0817/150048.084381:VERBOSE1:chrome/updater/updater.cc:386] Available disk space in temporary directory (/var/folders/h1/6pq8gbd149g65vh46kpwc1vh0000gn/T/): 101720018944B (94.734GiB) / 494384795648B (460.432GiB)
[68204:4161461:0817/150048.084497:VERBOSE1:chrome/updater/event_history.cc:238] Failed to write history event: logging not initialized
[68206:4161465:0817/150048.095634:VERBOSE1:chrome/updater/event_history.cc:175] Failed to set permissions on /Library/Application Support/Google/GoogleUpdater/updater_history.jsonl: Operation not permitted (1)
[68206:4161465:0817/150048.096537:VERBOSE1:chrome/updater/updater.cc:374] Version: 152.0.7933.0, opt, ARM_64, command line: /Library/Application Support/Google/GoogleUpdater/152.0.7933.0/GoogleUpdater.app/Contents/MacOS/GoogleUpdater --crash-handler --system --database=/Library/Application Support/Google/GoogleUpdater/152.0.7933.0/Crashpad --url=https://clients2.google.com/cr/report --annotation=prod=Update4 --annotation=ver=152.0.7933.0 --handshake-fd=4 --enable-logging --vmodule=*/components/update_client/*=2,*/chrome/enterprise_companion/*=2,*/chrome/updater/*=2
[68206:4161465:0817/150048.096670:VERBOSE1:chrome/updater/updater.cc:377] OS version: 14.4.0, arch: arm64, System uptime (seconds): 124790, parent pid: 1
[68206:4161465:0817/150048.100446:VERBOSE1:chrome/updater/updater.cc:382] Available disk space in install directory (/Library/Application Support/Google/GoogleUpdater): 101720018944B (94.734GiB) / 494384795648B (460.432GiB)
[68206:4161465:0817/150048.100483:VERBOSE1:chrome/updater/updater.cc:386] Available disk space in temporary directory (/var/folders/h1/6pq8gbd149g65vh46kpwc1vh0000gn/T/): 101720018944B (94.734GiB) / 494384795648B (460.432GiB)
[68206:4161465:0817/150048.100573:VERBOSE1:chrome/updater/event_history.cc:238] Failed to write history event: logging not initialized
[68206:4161465:0817/150048.100628:ERROR:third_party/crashpad/crashpad/client/crash_report_database_mac.mm:109] mkdir /Library/Application Support/Google/GoogleUpdater/152.0.7933.0/Crashpad/new: Permission denied (13)
[68206:4161465:0817/150048.100678:VERBOSE1:chrome/updater/event_history.cc:238] Failed to write history event: logging not initialized
[68206:4161465:0817/150048.100695:VERBOSE1:chrome/updater/updater.cc:419] UpdaterMain (--crash-handler) returned 1.
[68204:4161461:0817/150048.101509:ERROR:third_party/crashpad/crashpad/util/file/file_io.cc:103] ReadExactly: expected 8, observed 0
[68204:4161461:0817/150048.101648:VERBOSE1:chrome/updater/crash_reporter.cc:120] Failed to start handler.
[68204:4161461:0817/150048.101834:ERROR:third_party/crashpad/crashpad/client/crash_report_database_mac.mm:109] mkdir /Library/Application Support/Google/GoogleUpdater/152.0.7933.0/Crashpad/new: Permission denied (13)
[68204:4161461:0817/150048.101933:ERROR:chrome/updater/crash_client.cc:76] Failed to initialize Crashpad database.
[68204:4161461:0817/150048.102019:VERBOSE1:chrome/updater/updater.cc:99] Crash reporting is not available.
[68204:4161471:0817/150048.102522:VERBOSE1:chrome/updater/app/app_wakeall.cc:58] Launching `/Library/Application Support/Google/GoogleUpdater/150.0.7863.0/GoogleUpdater.app/Contents/MacOS/GoogleUpdater --wake --system`
[68204:4161471:0817/150048.103825:VERBOSE1:chrome/updater/app/app_wakeall.cc:64] `/Library/Application Support/Google/GoogleUpdater/150.0.7863.0/GoogleUpdater.app/Contents/MacOS/GoogleUpdater --wake --system` process invalid: Permission denied (13)
[68204:4161471:0817/150048.103870:VERBOSE1:chrome/updater/app/app_wakeall.cc:58] Launching `/Library/Application Support/Google/GoogleUpdater/147.0.7703.0/GoogleUpdater.app/Contents/MacOS/GoogleUpdater --wake --system`
[68204:4161471:0817/150048.105003:VERBOSE1:chrome/updater/app/app_wakeall.cc:64] `/Library/Application Support/Google/GoogleUpdater/147.0.7703.0/GoogleUpdater.app/Contents/MacOS/GoogleUpdater --wake --system` process invalid: Permission denied (13)
[68204:4161471:0817/150048.105041:VERBOSE1:chrome/updater/app/app_wakeall.cc:58] Launching `/Library/Application Support/Google/GoogleUpdater/152.0.7933.0/GoogleUpdater.app/Contents/MacOS/GoogleUpdater --wake --system`
[68209:4161477:0817/150048.118580:VERBOSE1:chrome/updater/event_history.cc:175] Failed to set permissions on /Library/Application Support/Google/GoogleUpdater/updater_history.jsonl: Operation not permitted (1)
[68209:4161477:0817/150048.119583:VERBOSE1:chrome/updater/updater.cc:374] Version: 152.0.7933.0, opt, ARM_64, command line: /Library/Application Support/Google/GoogleUpdater/152.0.7933.0/GoogleUpdater.app/Contents/MacOS/GoogleUpdater --wake --system --enable-logging --vmodule=*/components/update_client/*=2,*/chrome/enterprise_companion/*=2,*/chrome/updater/*=2
[68209:4161477:0817/150048.119612:VERBOSE1:chrome/updater/updater.cc:377] OS version: 14.4.0, arch: arm64, System uptime (seconds): 124790, parent pid: 68204
[68209:4161477:0817/150048.124045:VERBOSE1:chrome/updater/updater.cc:382] Available disk space in install directory (/Library/Application Support/Google/GoogleUpdater): 101720018944B (94.734GiB) / 494384795648B (460.432GiB)
[68209:4161477:0817/150048.124099:VERBOSE1:chrome/updater/updater.cc:386] Available disk space in temporary directory (/var/folders/h1/6pq8gbd149g65vh46kpwc1vh0000gn/T/): 101720018944B (94.734GiB) / 494384795648B (460.432GiB)
[68209:4161477:0817/150048.124231:VERBOSE1:chrome/updater/event_history.cc:238] Failed to write history event: logging not initialized
[68211:4161481:0817/150048.136624:VERBOSE1:chrome/updater/event_history.cc:175] Failed to set permissions on /Library/Application Support/Google/GoogleUpdater/updater_history.jsonl: Operation not permitted (1)
[68211:4161481:0817/150048.137703:VERBOSE1:chrome/updater/updater.cc:374] Version: 152.0.7933.0, opt, ARM_64, command line: /Library/Application Support/Google/GoogleUpdater/152.0.7933.0/GoogleUpdater.app/Contents/MacOS/GoogleUpdater --crash-handler --system --database=/Library/Application Support/Google/GoogleUpdater/152.0.7933.0/Crashpad --url=https://clients2.google.com/cr/report --annotation=prod=Update4 --annotation=ver=152.0.7933.0 --handshake-fd=4 --enable-logging --vmodule=*/components/update_client/*=2,*/chrome/enterprise_companion/*=2,*/chrome/updater/*=2
[68211:4161481:0817/150048.137754:VERBOSE1:chrome/updater/updater.cc:377] OS version: 14.4.0, arch: arm64, System uptime (seconds): 124790, parent pid: 1
[68211:4161481:0817/150048.142233:VERBOSE1:chrome/updater/updater.cc:382] Available disk space in install directory (/Library/Application Support/Google/GoogleUpdater): 101720014848B (94.734GiB) / 494384795648B (460.432GiB)
[68211:4161481:0817/150048.142258:VERBOSE1:chrome/updater/updater.cc:386] Available disk space in temporary directory (/var/folders/h1/6pq8gbd149g65vh46kpwc1vh0000gn/T/): 101720014848B (94.734GiB) / 494384795648B (460.432GiB)
[68211:4161481:0817/150048.142323:VERBOSE1:chrome/updater/event_history.cc:238] Failed to write history event: logging not initialized
[68211:4161481:0817/150048.142387:ERROR:third_party/crashpad/crashpad/client/crash_report_database_mac.mm:109] mkdir /Library/Application Support/Google/GoogleUpdater/152.0.7933.0/Crashpad/new: Permission denied (13)
[68211:4161481:0817/150048.142432:VERBOSE1:chrome/updater/event_history.cc:238] Failed to write history event: logging not initialized
[68211:4161481:0817/150048.142447:VERBOSE1:chrome/updater/updater.cc:419] UpdaterMain (--crash-handler) returned 1.
[68209:4161477:0817/150048.142952:ERROR:third_party/crashpad/crashpad/util/file/file_io.cc:103] ReadExactly: expected 8, observed 0
[68209:4161477:0817/150048.143188:VERBOSE1:chrome/updater/crash_reporter.cc:120] Failed to start handler.
[68209:4161477:0817/150048.143257:ERROR:third_party/crashpad/crashpad/client/crash_report_database_mac.mm:109] mkdir /Library/Application Support/Google/GoogleUpdater/152.0.7933.0/Crashpad/new: Permission denied (13)
[68209:4161477:0817/150048.143283:ERROR:chrome/updater/crash_client.cc:76] Failed to initialize Crashpad database.
[68209:4161477:0817/150048.143303:VERBOSE1:chrome/updater/updater.cc:99] Crash reporting is not available.
[68209:4161477:0817/150048.143632:VERBOSE1:chrome/updater/ipc/update_service_internal_proxy_mojo.cc:61] Run
[67285:4158228:0817/150104.100865:ERROR:google_apis/gcm/engine/registration_request.cc:291] Registration response error message: DEPRECATED_ENDPOINT
[68209:4161477:0817/150108.915285:VERBOSE1:chrome/updater/app/app.cc:52] Shutdown: 0
[68209:4161477:0817/150108.928006:VERBOSE1:chrome/updater/event_history.cc:238] Failed to write history event: logging not initialized
[68209:4161477:0817/150108.928300:VERBOSE1:chrome/updater/updater.cc:419] UpdaterMain (--wake) returned 0.
[68204:4161471:0817/150108.957211:VERBOSE1:chrome/updater/app/app_wakeall.cc:68] `/Library/Application Support/Google/GoogleUpdater/152.0.7933.0/GoogleUpdater.app/Contents/MacOS/GoogleUpdater --wake --system` exited 0
[68204:4161471:0817/150108.964394:VERBOSE1:chrome/updater/app/app_wakeall.cc:58] Launching `/Library/Application Support/Google/GoogleUpdater/144.0.7547.0/GoogleUpdater.app/Contents/MacOS/GoogleUpdater --wake --system`
[68204:4161471:0817/150108.965813:VERBOSE1:chrome/updater/app/app_wakeall.cc:64] `/Library/Application Support/Google/GoogleUpdater/144.0.7547.0/GoogleUpdater.app/Contents/MacOS/GoogleUpdater --wake --system` process invalid: Permission denied (13)
[68204:4161461:0817/150108.967959:VERBOSE1:chrome/updater/app/app.cc:52] Shutdown: 0
[68204:4161461:0817/150108.971750:VERBOSE1:chrome/updater/event_history.cc:238] Failed to write history event: logging not initialized
[68204:4161461:0817/150108.971797:VERBOSE1:chrome/updater/updater.cc:419] UpdaterMain (--wake-all) returned 0.
